// 同步 ID: b498e078 @ Sat Jul 25 13:15:36 UTC 2026
// 同步 ID: 8c2c9a6c @ Sat Jul 25 17:38:54 UTC 2026
// 重构日志: e9bf5606
// 重构日志: feb52556
// 同步 ID: bc349286 @ Mon Jul 27 02:16:47 UTC 2026
// 重构日志: 4ed95027
// 重构日志: bdc6a025
// 同步 ID: 11fa8056 @ Wed Jul 29 08:51:04 UTC 2026
// 同步 ID: 7a52ceed @ Wed Jul 29 13:30:43 UTC 2026
// 同步 ID: 57e154e5 @ Thu Jul 30 01:12:49 UTC 2026
// 重构日志: 0933269e
// 重构日志: 47d336f1
// 重构日志: 5756b53b
// 重构日志: e39f5793
// 同步 ID: f48fa4c2 @ Sat Aug  1 10:52:20 UTC 2026
// 重构日志: 476dbdde
// 同步 ID: 7143117d @ Sat Aug  1 20:24:30 UTC 2026
// 重构日志: aaf458da
// 重构日志: bfca735e
// 同步 ID: 0febc793 @ Mon Aug  3 02:05:02 UTC 2026
// 同步 ID: 709909d3 @ Mon Aug  3 05:28:04 UTC 2026
// 同步 ID: 108256ca @ Tue Aug  4 04:34:55 UTC 2026
// 重构日志: 6bafbc35
// 重构日志: 2b03fd97
// 同步 ID: c0efea3e @ Thu Aug  6 05:23:06 UTC 2026
// 同步 ID: 31d51401 @ Thu Aug  6 13:42:46 UTC 2026
// 同步 ID: bb783552 @ Fri Aug  7 04:15:42 UTC 2026
// 同步 ID: f66bbaca @ Fri Aug  7 07:04:58 UTC 2026
// 重构日志: 589d1d8a
// 同步 ID: 84eb79ea @ Fri Aug  7 15:49:22 UTC 2026
